#*** Example of Fast Forward Merge ***
angelicasanztrujillo@MacBookPro labs % mkdir git-ff-lab
angelicasanztrujillo@MacBookPro labs % cd git-ff-lab
angelicasanztrujillo@MacBookPro git-ff-lab % git init
Initialized empty Git repository in /Users/angelicasanztrujillo/dev/sre-journey/labs/git-ff-lab/.git/
angelicasanztrujillo@MacBookPro git-ff-lab % git checkout -b master
Switched to a new branch 'master'
angelicasanztrujillo@MacBookPro git-ff-lab % echo "Initial file for the fast forward lab" > ff-lab-practice.txt
angelicasanztrujillo@MacBookPro git-ff-lab % git add ff-lab-practice.txt
angelicasanztrujillo@MacBookPro git-ff-lab % git commit -m "chore: initial commit with ff-lab-practice.txt"
[master (root-commit) 3b7d5a2] chore: initial commit with ff-lab-practice.txt
 1 file changed, 1 insertion(+)
 create mode 100644 ff-lab-practice.txt
angelicasanztrujillo@MacBookPro git-ff-lab % git log --oneline --decorate --graph
* 3b7d5a2 (HEAD -> master) chore: initial commit with ff-lab-practice.txt
angelicasanztrujillo@MacBookPro git-ff-lab % git checkout -b second_branch_for_ff_lab
Switched to a new branch 'second_branch_for_ff_lab'
angelicasanztrujillo@MacBookPro git-ff-lab % echo "Add another file to merge" >> ff-lab-practice2.txt
angelicasanztrujillo@MacBookPro git-ff-lab % git add ff-lab-practice2.txxt
fatal: pathspec 'ff-lab-practice2.txxt' did not match any files
angelicasanztrujillo@MacBookPro git-ff-lab % git add ff-lab-practice2.txt 
angelicasanztrujillo@MacBookPro git-ff-lab % git commit -m "Add another commit to be ahead of master"
[second_branch_for_ff_lab ba96fcb] Add another commit to be ahead of master
 1 file changed, 1 insertion(+)
 create mode 100644 ff-lab-practice2.txt
angelicasanztrujillo@MacBookPro git-ff-lab % git log --oneline --decorate --graph --all
* ba96fcb (HEAD -> second_branch_for_ff_lab) Add another commit to be ahead of master
* 3b7d5a2 (master) chore: initial commit with ff-lab-practice.txt
angelicasanztrujillo@MacBookPro git-ff-lab % git checkout master
Switched to branch 'master'
angelicasanztrujillo@MacBookPro git-ff-lab % git merge second_branch_for_ff_la
merge: second_branch_for_ff_la - not something we can merge
angelicasanztrujillo@MacBookPro git-ff-lab % git merge second_branch_for_ff_lab
Updating 3b7d5a2..ba96fcb
Fast-forward
 ff-lab-practice2.txt | 1 +
 1 file changed, 1 insertion(+)
 create mode 100644 ff-lab-practice2.txt

#*************************************************************

angelicasanztrujillo@MacBookPro git-no-ff-lab % git checkout -b master
Switched to a new branch 'master'
angelicasanztrujillo@MacBookPro git-no-ff-lab % git status
On branch master

No commits yet

nothing to commit (create/copy files and use "git add" to track)
angelicasanztrujillo@MacBookPro git-no-ff-lab % echo "Initial commit for no fast forward merge example" >> no-ff-merge-example.txt 
angelicasanztrujillo@MacBookPro git-no-ff-lab % git add no-ff-merge-example.txt
angelicasanztrujillo@MacBookPro git-no-ff-lab % git commit -m "Initial commit for no fast forward merge example"
[master (root-commit) 54c5174] Initial commit for no fast forward merge example
 1 file changed, 1 insertion(+)
 create mode 100644 no-ff-merge-example.txt
angelicasanztrujillo@MacBookPro git-no-ff-lab % git checkout -b new_branch
Switched to a new branch 'new_branch'
angelicasanztrujillo@MacBookPro git-no-ff-lab % echo "Adding a change to initial file for second commit" >> no-ff-merge-example.txt
angelicasanztrujillo@MacBookPro git-no-ff-lab % git add no-ff-merge-example.txt
angelicasanztrujillo@MacBookPro git-no-ff-lab % git commit -m "Second commit for no fast forward merge example"
[new_branch e84191e] Second commit for no fast forward merge example
 1 file changed, 1 insertion(+)
angelicasanztrujillo@MacBookPro git-no-ff-lab % git checkout master
Switched to branch 'master'
angelicasanztrujillo@MacBookPro git-no-ff-lab % git merge new_branch -m "Merge new_branch into master"
Updating 54c5174..e84191e
Fast-forward (no commit created; -m option ignored)
 no-ff-merge-example.txt | 1 +
 1 file changed, 1 insertion(+)
angelicasanztrujillo@MacBookPro git-no-ff-lab % git log --oneline --decorate --graph --all
* e84191e (HEAD -> master, new_branch) Second commit for no fast forward merge example
* 54c5174 Initial commit for no fast forward merge example
angelicasanztrujillo@MacBookPro git-no-ff-lab % git checkout master                                   
Already on 'master'
angelicasanztrujillo@MacBookPro git-no-ff-lab % echo "Trying again becasue it didn't work again" >> no-ff-merge-example.txt
angelicasanztrujillo@MacBookPro git-no-ff-lab % git add no-ff-merge-example.txt                                                    
angelicasanztrujillo@MacBookPro git-no-ff-lab % git commit -m "Commiting again for no fast forward merge"                  
[master 7b2b9a0] Commiting again for no fast forward merge
 1 file changed, 1 insertion(+)
angelicasanztrujillo@MacBookPro git-no-ff-lab % git checkout new_branch                                  
Switched to branch 'new_branch'
angelicasanztrujillo@MacBookPro git-no-ff-lab % echo "Adding more changes to the file to commit again" >> no-ff-merge-example.txt
angelicasanztrujillo@MacBookPro git-no-ff-lab % git add no-ff-merge-example.txt                                            
angelicasanztrujillo@MacBookPro git-no-ff-lab % git commit -m "Add changes to the file to commit again"                          
[new_branch ea6daff] Add changes to the file to commit again
 1 file changed, 1 insertion(+)
angelicasanztrujillo@MacBookPro git-no-ff-lab % git checkout master
Switched to branch 'master'
angelicasanztrujillo@MacBookPro git-no-ff-lab % echo "One more change in master branch" >> no-ff-merge-example.txt
angelicasanztrujillo@MacBookPro git-no-ff-lab % git add no-ff-merge-example.txt                                                  
angelicasanztrujillo@MacBookPro git-no-ff-lab % git commit -m "Add more changes to the file to commit again"      
[master d278f65] Add more changes to the file to commit again
 1 file changed, 1 insertion(+)
angelicasanztrujillo@MacBookPro git-no-ff-lab % git checkout master
Already on 'master'
angelicasanztrujillo@MacBookPro git-no-ff-lab % git merge new_branch -m "Merge for no fast forward merge example"
Auto-merging no-ff-merge-example.txt
CONFLICT (content): Merge conflict in no-ff-merge-example.txt
Automatic merge failed; fix conflicts and then commit the result.
angelicasanztrujillo@MacBookPro git-no-ff-lab % vi no-ff-merge-example.txt                                       
angelicasanztrujillo@MacBookPro git-no-ff-lab % git add no-ff-merge-example.txt                                   
angelicasanztrujillo@MacBookPro git-no-ff-lab % git commit -m "Conflict fixed"
[master fd7617b] Conflict fixed
angelicasanztrujillo@MacBookPro git-no-ff-lab % git merge --continue        
fatal: There is no merge in progress (MERGE_HEAD missing).
angelicasanztrujillo@MacBookPro git-no-ff-lab % git commit
On branch master
nothing to commit, working tree clean
angelicasanztrujillo@MacBookPro git-no-ff-lab % git log --oneline --graph --decorate --all
*   fd7617b (HEAD -> master) Conflict fixed
|\  
| * ea6daff (new_branch) Add changes to the file to commit again
* | d278f65 Add more changes to the file to commit again
* | 7b2b9a0 Commiting again for no fast forward merge
|/  
* e84191e Second commit for no fast forward merge example
* 54c5174 Initial commit for no fast forward merge example


*******************************************************************************************
angelicasanztrujillo@MacBookPro git-no-ff-lab % 
